Metallurgy
Metal Smelting
Metal Mining
Metal Molding
Gold Smelting
Iron Smelting
Silver Smelting
Steel Smelting
Titanium Smelting
<currently unused>
Gold Mining
Iron Mining
Silver Mining
Titanium Mining
Steel Molding
Gold Molding
Iron Molding
Silver Molding
Titanium Molding
Weapon Construction
Sword Construction
Iron Sword
Iron Broad Sword
Steel Long Sword
Two Edged Steel Sword
Titanium Short
Titanium Long
Titanium Serpent
Armor Construction
Torso Armor
Feet Armor
Legs Armor
Head Armor
Leather Helmet
Iron Helmet
Iron Greaves
Iron Cuisses
Padded Leather Pants
Iron Chainmail Torso
Iron Plate Mail
Steel Chainmail Torso
Titanium Chainmail Torso
Torso Padded Leather
Shields Construction
Iron Shield
Steel Shield
Crystal Technology
Crystal Mining
Quartz Mining
Rose Quartz Mining
Blue Quartz Mining
Ruby Mining
Emerald Mining
Sapphire Mining
Diamond Mining
Crystal Processing
Diamond Processing
Sapphire Processing
Emerald Processing
Ruby Processing
Jewlery Technology
Crystal Embedding
Generic Rings Building
Generic Medalions Building
Diamond Embedding
Sapphire Embedding
Emerald Embedding
Ruby Embedding
Silver Rings Building
Gold Rings Building
Silver Medallions Building
Gold Medallions Building
Sun Medallion Building
Unicorn Medallion Building
Moon Medallion Building
Stars Medallion Building
VOTD Ring Building
Naralik Ring Building
Disengagement Ring Building
Ring of Damage Building
Isla Prima Ring
WhiteStone Ring
Portland Ring
Desert Pines Ring
Biology
Biochemestry
Botanics
Anatomy
Advanced Alchemy
Advanced Potions
Life Essence
Death Essence
Health Essence
Magic Essence
Potion of Body Restauration
Potion of Wildness
Potion of Vitality
Potion of Coordination
Potion of Will
Potion of Physique
Potion of Feasting
Potion of Manufacturing
Potion of Summoning
Advanced Summoning
Snakes Summoning
Wolf Summoning
Boar Summoning
Skeleton Summoning
Gargoyles Summoning
Puma Summoning
Bear Summoning
Combat Tactics
Goblin Fighting
Skeleton Fighting
Gargoyle Fighting
Puma Fighting
Orc Fighting
Bear Fighting
Troll Fighting
Cyclops Fighting
Dwarf Fighting
Elf Fighting
Humans Fighting
General Axe Construction
Iron Axe Construction
Steel Axe Construction
Titanium Axe Construction
Fluffy Summoning
Chimerian Wolf Summoning
Potion of Crafting
Potion of Magic
Anitora Ring
Idaloran Ring
Bethel Ring
Sedicolis Ring
Palon Vertas Ring
Kusamura Ring
Egratia Ring
Iscarlith Ring
Irinveron Ring
Hulda Ring
Trassian Ring
Isle of the Forgotten Ring
Imroglio Islands Ring
Hurquin Ring
Glacmor Ring
Emerald Valley Ring
