# mapinfo.lst
#
# This file specifies how the in-game map pictures relate to the the 
# continent maps. Each line is formatted as follows
#
# <continent name> <x start> <y start> <x end> <y end> <map file name>
# 
# where <continent name> can be Seridia or Irilion, and (<x start>, <y start>) 
# and (<x end>, <y end>) specify the rectangle on the continent map that is
# occupied by the game map with file name <map file name>. Everything 
# following a # sign, like these lines, is ignored.
#
Seridia 409 107 450 147 ./maps/startmap.elm              # Isla Prima
Seridia 184 162 395 359 ./maps/map2.elm                  # Whitestone
Seridia   0   0   0   0 ./maps/startmap_insides.elm      # IP insides
Seridia   0   0   0   0 ./maps/map2_insides.elm          # WS insides
Seridia  84 352 180 448 ./maps/map3.elm                  # Desert Pines
Seridia   0   0   0   0 ./maps/map3_insides.elm          # DP insides
Seridia   0   0   0   0 ./maps/cave1.elm
Seridia   0   0   0   0 ./maps/cave2.elm
Seridia   0   0   0   0 ./maps/neo.elm                   # Map Neo
Seridia 336 118 387 165 ./maps/map4f.elm                 # Tirnym
Seridia 230 405 281 451 ./maps/map5nf.elm                # VotD
Seridia   0   0   0   0 ./maps/map5nf_insides.elm        # VotD insides
Seridia   0   0   0   0 ./maps/mapportalroom.elm         # Portals room
Seridia   0   0   0   0 ./maps/mine1.elm
Seridia   0   0   0   0 ./maps/mapunderworld1.elm        # The Underworld
Seridia  84 270 177 357 ./maps/map6nf.elm                # Portland
Seridia   0   0   0   0 ./maps/map6nf_insides.elm        # PL insides
Seridia   0   0   0   0 ./maps/map6nf_cave.elm
Seridia   2 324  75 431 ./maps/map15f.elm                # Tahraji
Seridia   0   0   0   0 ./maps/mapnewbie.elm             # Newbie Island
Seridia   0   0   0   0 ./maps/mapnewbie_insides.elm     # NI insides
Seridia   0   0   0   0 ./maps/maparena1.elm             # WSC arena
Seridia 180  75 275 165 ./maps/map9f.elm                 # Grubani Peninsula
Seridia   0   0   0   0 ./maps/map9f_insides.elm         # GP insides
Seridia 178 406 227 443 ./maps/map14f.elm                # Kilaran Fields
Seridia   0   0   0   0 ./maps/map2_insidescastle.elm    # Vermor Castle
Seridia 130 128 178 168 ./maps/map8.elm                  # Naralik
Seridia   0   0   0   0 ./maps/map8_insides.elm          # NL insides
Seridia   0   0   0   0 ./maps/map8_catacombs.elm        # NL catacombs
Seridia 181 363 231 408 ./maps/map13.elm                 # Southern KF
Seridia   0   0   0   0 ./maps/map13_insides.elm         # SKF insides
Seridia  87 169 175 270 ./maps/map7.elm                  # Morcraven Marsh
Seridia   0   0   0   0 ./maps/map7_insides.elm          # MM insides
Seridia   0   0   0   0 ./maps/map7_cave.elm             # MM cave
Seridia   0   0   0   0 ./maps/map2_cave.elm             # WS garg cave
Seridia   0   0   0   0 ./maps/map15_cave.elm            # Tahraji cave
Seridia 232 359 283 403 ./maps/map12.elm                 # Nordcarn
Seridia   0   0   0   0 ./maps/cave3.elm
Seridia   0   0   0   0 ./maps/map13_castle.elm          # Carmien Manor
Seridia 282 358 385 454 ./maps/map11.elm                 # Tarsengaard
Seridia   0   0   0   0 ./maps/map11_insides.elm         # TG insides
Seridia   0   0   0   0 ./maps/map11_insmsch.elm         # TG magic school
Seridia   0   0   0   0 ./maps/map11_crypt.elm           # TG cave
Seridia   0   0   0   0 ./maps/misc1.elm
Seridia   0   0   0   0 ./maps/map12_cave.elm            # NC cave
Seridia   0   0   0   0 ./maps/guildmap_co.elm           # *CO* guildmap
Seridia   0   0   0   0 ./maps/guildmap_lnx.elm          # LNX guildmap
Seridia   0   0   0   0 ./maps/guildmap_segv.elm         # SegV guildmap
Seridia   0   0   0   0 ./maps/c2_docks_seridia.elm
Seridia   0   0   0   0 ./maps/map10.elm                 # <unused>

Irilion  60 330 220 490 ./maps/cont2map1.elm             # Idaloran
Irilion 275 420 320 470 ./maps/cont2map3.elm             # Sedicolis
Irilion   0   0   0   0 ./maps/cont2map3insides.elm      # SD insides
Irilion   0   0   0   0 ./maps/cont2map1_insides.elm     # ID insides
Irilion   0   0   0   0 ./maps/cont2map1_caves.elm
Irilion   0   0   0   0 ./maps/cont2map1_mine.elm
Irilion 310 210 350 250 ./maps/cont2map13.elm            # Egratia Point
Irilion   0   0   0   0 ./maps/cont2map13temple.elm
Irilion   0   0   0   0 ./maps/cont2map21.elm
Irilion   0   0   0   0 ./maps/cont2map21_caves.elm
Irilion   0   0   0   0 ./maps/cont2map21_maze1.elm
Irilion   0   0   0   0 ./maps/cont2map21_maze2.elm
Irilion   0   0   0   0 ./maps/cont2map21_maze3.elm
Irilion   0   0   0   0 ./maps/cont2map21_maze4.elm
Irilion   0   0   0   0 ./maps/cont2map21_maze5.elm
Irilion   0   0   0   0 ./maps/cont2map21_maze6.elm
Irilion  50  20 220 170 ./maps/cont2map22.elm            # Irinveron
Irilion   0   0   0   0 ./maps/cont2map22_insides.elm    # IV insides
Irilion   0   0   0   0 ./maps/cont2map22_caves.elm
Irilion   0   0   0   0 ./maps/anitora.elm               # Anitora
Irilion   0   0   0   0 ./maps/c2_docks_irillion.elm
Irilion   0   0   0   0 ./maps/c2_portalsroom.elm        # Portals room
Irilion   0   0   0   0 ./maps/c2_underworld.elm         # The Underworld
Irilion   0   0   0   0 ./maps/cont2map10.elm
Irilion   0   0   0   0 ./maps/cont2map10_castle.elm
Irilion   0   0   0   0 ./maps/cont2map10_cave1.elm
Irilion   0   0   0   0 ./maps/cont2map10_cave2.elm
Irilion   0   0   0   0 ./maps/cont2map10_crypt.elm
Irilion   0   0   0   0 ./maps/cont2map10_dwarfcity.elm
Irilion   0   0   0   0 ./maps/cont2map10_inside.elm
Irilion 240 330 325 420 ./maps/cont2map5.elm             # Palon Vertas
Irilion   0   0   0   0 ./maps/cont2map5_underground.elm
Irilion   0   0   0   0 ./maps/cont2map5_insides.elm     # PV insides
Irilion   0   0   0   0 ./maps/cont2map5_caves.elm
Irilion 220 420 275 470 ./maps/cont2map2.elm             # Bethel
Irilion   0   0   0   0 ./maps/cont2map2_insides.elm     # BT insides
Irilion   0   0   0   0 ./maps/cont2map2_caves.elm
Irilion   0   0   0   0 ./maps/cont2map24.elm            # Iscalrith (TODO)
