Metallurgie
Fonte du Metal
Metal Mining
Modelage du Metal
Fonte de l'Or
Fonte du Fer
Fonte de l'Argent
Fonte de l'Acier
Fonte du Titane
Fonte du Titane
Extraction de l'Or
Extraction du Fer
Extraction de l'Argent
Extraction du Titane
Modelage de l'Acier
Modelage de l'Or
Modelage du Fer
Modelage de l'Argent
Modelage du Titane
Fabrication d'Arme
Fabrication d'Epée
Epée de Fer
Epée Large de Fer
Epée Longue d'acier
Epée Double d'acier
Epée Courte de Titane
Epée Longue de Titane
Epée Serpent de Titane
Fabrication d'Armure
Armure - Torse
Armure - Pieds
Armure - Jambes
Armure - Tête
Heaume de Cuir
Heaume de Fer
Iron Greaves
Iron Cuisses
Pantalon de Cuir Capitonné
Torse de Mailles de Fer
Armure de Plaques de Fer
Torse de Mailles d'Acier
Torse de Mailles de Titane
Torse de Cuir Capitonné
Fabrication de Bouclier
Bouclier de Fer
Bouclier d'Acier
Technologie du Crystal
Extraction du Crystal
Extraction du Quartz
Extraction du Quartz Rose
Extraction du Quartz Bleu
Extraction du Ruby
Extraction de l'Emeraude
Extraction du Saphire
Extraction du Diamant
Travail du Crystal
Travail du Diamant
Travail du Saphire
Travail de l'Emeraude
Travail du Ruby
Technologie de la Joaillerie
Crystal embedding
Generic Rings Building
Generic Medalions Building
Diamond embedding
Sapphire embedding
Emerald embedding
Ruby embedding
Silver Rings Building
Gold Rings Building
Silver Medallions Building
Gold Medallions Building
Sun Medallion Building
Unicorn Medallion Building
Moon Medallion Building
Stars Medallion Building
VOTD Ring Building
Naralik Ring Building
Disengagement Ring Building
Ring of Damage Building
Isla Prima Ring
WhiteStone Ring
Portland Ring
Desert Pines Ring
Biology
Biochemestry
Botanics
Anatomy
Advanced Alchemy
Advanced Potions
Life Essence
Death Essence
Health Essence
Magic Essence
Potion of Body Restauration
Potion of Wildness
Potion of Vitality
Potion of Coordination
Potion of Will
Potion of Physique
Potion of Feasting
Potion of Manufacturing
Potion of Summoning
Advanced Summoning
Snakes Summoning
Wolf Summoning
Boar Summoning
Skeleton Summoning
Gargoyles Summoning
Puma Summoning
Bear Summoning
Combat Tactics
Goblin Fighting
Skeleton Fighting
Gargoyle Fighting
Puma Fighting
Orc Fighting
Bear Fighting
Troll Fighting
Cyclops Fighting
Dwarf Fighting
Elf Fighting
Humans Fighting
General Axe Construction
Iron Axe Construction
Steel Axe Construction
Titanium Axe Construction
Fluffy Summoning
Chimerian Wolf Summoning
Potion of Crafting
Potion of Magic
